
> immoflow@1.0.0 dev:web /Users/my_macbook/Documents/workspace/immo-flow
> turbo run dev --filter=web

turbo 2.6.3

 WARNING  Unable to calculate transitive closures: Workspace 'apps/api' not found in lockfile.
• Packages in scope: web
• Running dev in 1 packages
• Remote caching disabled
web:dev: cache bypass, force executing 797f286dc9d701a6
web:dev: 
web:dev: > web@0.1.0 dev /Users/my_macbook/Documents/workspace/immo-flow/apps/web
web:dev: > next dev
web:dev: 
web:dev:    ▲ Next.js 14.0.4
web:dev:    - Local:        http://localhost:3000
web:dev:    - Environments: .env.local
web:dev: 
web:dev:  ✓ Ready in 3.3s
web:dev:  ○ Compiling /middleware ...
web:dev:  ✓ Compiled /middleware in 3s (149 modules)
web:dev:  ○ Compiling / ...
web:dev:  ⨯ ./app/components/Header.tsx:7:0
web:dev: Module not found: Can't resolve '@/lib/trpc'
web:dev: [0m [90m  5 |[39m [36mimport[39m { useAuthContext } [36mfrom[39m [32m'../providers/AuthProvider'[39m[33m;[39m[0m
web:dev: [0m [90m  6 |[39m [36mimport[39m { useEffect[33m,[39m useState } [36mfrom[39m [32m'react'[39m[33m;[39m[0m
web:dev: [0m[31m[1m>[22m[39m[90m  7 |[39m [36mimport[39m { trpc } [36mfrom[39m [32m'@/lib/trpc'[39m[33m;[39m[0m
web:dev: [0m [90m  8 |[39m [36mimport[39m { onUnreadCountUpdate } [36mfrom[39m [32m'@/lib/socket'[39m[33m;[39m[0m
web:dev: [0m [90m  9 |[39m[0m
web:dev: [0m [90m 10 |[39m [36mexport[39m [36mfunction[39m [33mHeader[39m() {[0m
web:dev: 
web:dev: https://nextjs.org/docs/messages/module-not-found
web:dev: 
web:dev: Import trace for requested module:
web:dev: ./app/page.tsx
web:dev: <w> [webpack.cache.PackFileCacheStrategy] Serializing big strings (139kiB) impacts deserialization performance (consider using Buffer instead and decode when needed)
web:dev:  ⨯ ./app/components/Header.tsx:7:0
web:dev: Module not found: Can't resolve '@/lib/trpc'
web:dev: [0m [90m  5 |[39m [36mimport[39m { useAuthContext } [36mfrom[39m [32m'../providers/AuthProvider'[39m[33m;[39m[0m
web:dev: [0m [90m  6 |[39m [36mimport[39m { useEffect[33m,[39m useState } [36mfrom[39m [32m'react'[39m[33m;[39m[0m
web:dev: [0m[31m[1m>[22m[39m[90m  7 |[39m [36mimport[39m { trpc } [36mfrom[39m [32m'@/lib/trpc'[39m[33m;[39m[0m
web:dev: [0m [90m  8 |[39m [36mimport[39m { onUnreadCountUpdate } [36mfrom[39m [32m'@/lib/socket'[39m[33m;[39m[0m
web:dev: [0m [90m  9 |[39m[0m
web:dev: [0m [90m 10 |[39m [36mexport[39m [36mfunction[39m [33mHeader[39m() {[0m
web:dev: 
web:dev: https://nextjs.org/docs/messages/module-not-found
web:dev: 
web:dev: Import trace for requested module:
web:dev: ./app/page.tsx
web:dev:  ⨯ ./app/components/Header.tsx:7:0
web:dev: Module not found: Can't resolve '@/lib/trpc'
web:dev: [0m [90m  5 |[39m [36mimport[39m { useAuthContext } [36mfrom[39m [32m'../providers/AuthProvider'[39m[33m;[39m[0m
web:dev: [0m [90m  6 |[39m [36mimport[39m { useEffect[33m,[39m useState } [36mfrom[39m [32m'react'[39m[33m;[39m[0m
web:dev: [0m[31m[1m>[22m[39m[90m  7 |[39m [36mimport[39m { trpc } [36mfrom[39m [32m'@/lib/trpc'[39m[33m;[39m[0m
web:dev: [0m [90m  8 |[39m [36mimport[39m { onUnreadCountUpdate } [36mfrom[39m [32m'@/lib/socket'[39m[33m;[39m[0m
web:dev: [0m [90m  9 |[39m[0m
web:dev: [0m [90m 10 |[39m [36mexport[39m [36mfunction[39m [33mHeader[39m() {[0m
web:dev: 
web:dev: https://nextjs.org/docs/messages/module-not-found
web:dev: 
web:dev: Import trace for requested module:
web:dev: ./app/page.tsx
web:dev:  ✓ Compiled /not-found in 3.1s (1325 modules)
web:dev:  ⚠ Fast Refresh had to perform a full reload due to a runtime error.
web:dev:  ○ Compiling / ...
web:dev:  ✓ Compiled / in 589ms (861 modules)
web:dev: "shadow*" style props are deprecated. Use "boxShadow".
web:dev: "textShadow*" style props are deprecated. Use "textShadow".
web:dev:  ✓ Compiled /icon.svg in 391ms (889 modules)
web:dev:  ○ Compiling /property/[id] ...
web:dev:  ⚠ ./app/components/PropertyPreview.tsx
web:dev: Attempted import error: 'AIInvestmentEvaluation' is not exported from '@immoflow/ui' (imported as 'AIInvestmentEvaluation').
web:dev: 
web:dev: Import trace for requested module:
web:dev: ./app/components/PropertyPreview.tsx
web:dev: ./app/property/[id]/page.tsx
web:dev: 
web:dev: ./app/property/[id]/page.tsx
web:dev: Attempted import error: 'PropertyFeedbackModal' is not exported from '@immoflow/ui' (imported as 'PropertyFeedbackModal').
web:dev: 
web:dev: Import trace for requested module:
web:dev: ./app/property/[id]/page.tsx
web:dev: 
web:dev: ./app/components/PropertyPreview.tsx
web:dev: Attempted import error: 'AIInvestmentEvaluation' is not exported from '@immoflow/ui' (imported as 'AIInvestmentEvaluation').
web:dev: 
web:dev: Import trace for requested module:
web:dev: ./app/components/PropertyPreview.tsx
web:dev: ./app/property/[id]/page.tsx
web:dev: 
web:dev: ./app/property/[id]/page.tsx
web:dev: Attempted import error: 'PropertyFeedbackModal' is not exported from '@immoflow/ui' (imported as 'PropertyFeedbackModal').
web:dev: 
web:dev: Import trace for requested module:
web:dev: ./app/property/[id]/page.tsx
web:dev: "shadow*" style props are deprecated. Use "boxShadow".
web:dev: "textShadow*" style props are deprecated. Use "textShadow".
web:dev: 📄 [PERF-DETAIL] PropertyPage: Initial render
web:dev: 📄 [PERF-DETAIL] PropertyPage: Initial render
web:dev:  ⚠ ./app/components/PropertyPreview.tsx
web:dev: Attempted import error: 'AIInvestmentEvaluation' is not exported from '@immoflow/ui' (imported as 'AIInvestmentEvaluation').
web:dev: 
web:dev: Import trace for requested module:
web:dev: ./app/components/PropertyPreview.tsx
web:dev: ./app/property/[id]/page.tsx
web:dev: 
web:dev: ./app/property/[id]/page.tsx
web:dev: Attempted import error: 'PropertyFeedbackModal' is not exported from '@immoflow/ui' (imported as 'PropertyFeedbackModal').
web:dev: 
web:dev: Import trace for requested module:
web:dev: ./app/property/[id]/page.tsx
web:dev: 
web:dev: ./app/components/PropertyPreview.tsx
web:dev: Attempted import error: 'AIInvestmentEvaluation' is not exported from '@immoflow/ui' (imported as 'AIInvestmentEvaluation').
web:dev: 
web:dev: Import trace for requested module:
web:dev: ./app/components/PropertyPreview.tsx
web:dev: ./app/property/[id]/page.tsx
web:dev: 
web:dev: ./app/property/[id]/page.tsx
web:dev: Attempted import error: 'PropertyFeedbackModal' is not exported from '@immoflow/ui' (imported as 'PropertyFeedbackModal').
web:dev: 
web:dev: Import trace for requested module:
web:dev: ./app/property/[id]/page.tsx
web:dev:  ⚠ ./app/components/PropertyPreview.tsx
web:dev: Attempted import error: 'AIInvestmentEvaluation' is not exported from '@immoflow/ui' (imported as 'AIInvestmentEvaluation').
web:dev: 
web:dev: Import trace for requested module:
web:dev: ./app/components/PropertyPreview.tsx
web:dev: ./app/property/[id]/page.tsx
web:dev: 
web:dev: ./app/property/[id]/page.tsx
web:dev: Attempted import error: 'PropertyFeedbackModal' is not exported from '@immoflow/ui' (imported as 'PropertyFeedbackModal').
web:dev: 
web:dev: Import trace for requested module:
web:dev: ./app/property/[id]/page.tsx
web:dev: 
web:dev: ./app/components/PropertyPreview.tsx
web:dev: Attempted import error: 'AIInvestmentEvaluation' is not exported from '@immoflow/ui' (imported as 'AIInvestmentEvaluation').
web:dev: 
web:dev: Import trace for requested module:
web:dev: ./app/components/PropertyPreview.tsx
web:dev: ./app/property/[id]/page.tsx
web:dev: 
web:dev: ./app/property/[id]/page.tsx
web:dev: Attempted import error: 'PropertyFeedbackModal' is not exported from '@immoflow/ui' (imported as 'PropertyFeedbackModal').
web:dev: 
web:dev: Import trace for requested module:
web:dev: ./app/property/[id]/page.tsx
web:dev: "shadow*" style props are deprecated. Use "boxShadow".
web:dev: "textShadow*" style props are deprecated. Use "textShadow".
web:dev:  ⚠ ./app/components/PropertyPreview.tsx
web:dev: Attempted import error: 'AIInvestmentEvaluation' is not exported from '@immoflow/ui' (imported as 'AIInvestmentEvaluation').
web:dev: 
web:dev: Import trace for requested module:
web:dev: ./app/components/PropertyPreview.tsx
web:dev: ./app/property/[id]/page.tsx
web:dev: 
web:dev: ./app/property/[id]/page.tsx
web:dev: Attempted import error: 'PropertyFeedbackModal' is not exported from '@immoflow/ui' (imported as 'PropertyFeedbackModal').
web:dev: 
web:dev: Import trace for requested module:
web:dev: ./app/property/[id]/page.tsx
web:dev: 
web:dev: ./app/components/PropertyPreview.tsx
web:dev: Attempted import error: 'AIInvestmentEvaluation' is not exported from '@immoflow/ui' (imported as 'AIInvestmentEvaluation').
web:dev: 
web:dev: Import trace for requested module:
web:dev: ./app/components/PropertyPreview.tsx
web:dev: ./app/property/[id]/page.tsx
web:dev: 
web:dev: ./app/property/[id]/page.tsx
web:dev: Attempted import error: 'PropertyFeedbackModal' is not exported from '@immoflow/ui' (imported as 'PropertyFeedbackModal').
web:dev: 
web:dev: Import trace for requested module:
web:dev: ./app/property/[id]/page.tsx
web:dev:  ⚠ ./app/components/PropertyPreview.tsx
web:dev: Attempted import error: 'AIInvestmentEvaluation' is not exported from '@immoflow/ui' (imported as 'AIInvestmentEvaluation').
web:dev: 
web:dev: Import trace for requested module:
web:dev: ./app/components/PropertyPreview.tsx
web:dev: ./app/property/[id]/page.tsx
web:dev: 
web:dev: ./app/property/[id]/page.tsx
web:dev: Attempted import error: 'PropertyFeedbackModal' is not exported from '@immoflow/ui' (imported as 'PropertyFeedbackModal').
web:dev: 
web:dev: Import trace for requested module:
web:dev: ./app/property/[id]/page.tsx
web:dev: 
web:dev: ./app/components/PropertyPreview.tsx
web:dev: Attempted import error: 'AIInvestmentEvaluation' is not exported from '@immoflow/ui' (imported as 'AIInvestmentEvaluation').
web:dev: 
web:dev: Import trace for requested module:
web:dev: ./app/components/PropertyPreview.tsx
web:dev: ./app/property/[id]/page.tsx
web:dev: 
web:dev: ./app/property/[id]/page.tsx
web:dev: Attempted import error: 'PropertyFeedbackModal' is not exported from '@immoflow/ui' (imported as 'PropertyFeedbackModal').
web:dev: 
web:dev: Import trace for requested module:
web:dev: ./app/property/[id]/page.tsx
web:dev:  ⚠ ./app/components/PropertyPreview.tsx
web:dev: Attempted import error: 'AIInvestmentEvaluation' is not exported from '@immoflow/ui' (imported as 'AIInvestmentEvaluation').
web:dev: 
web:dev: Import trace for requested module:
web:dev: ./app/components/PropertyPreview.tsx
web:dev: ./app/property/[id]/page.tsx
web:dev: 
web:dev: ./app/property/[id]/page.tsx
web:dev: Attempted import error: 'PropertyFeedbackModal' is not exported from '@immoflow/ui' (imported as 'PropertyFeedbackModal').
web:dev: 
web:dev: Import trace for requested module:
web:dev: ./app/property/[id]/page.tsx
web:dev: 
web:dev: ./app/components/PropertyPreview.tsx
web:dev: Attempted import error: 'AIInvestmentEvaluation' is not exported from '@immoflow/ui' (imported as 'AIInvestmentEvaluation').
web:dev: 
web:dev: Import trace for requested module:
web:dev: ./app/components/PropertyPreview.tsx
web:dev: ./app/property/[id]/page.tsx
web:dev: 
web:dev: ./app/property/[id]/page.tsx
web:dev: Attempted import error: 'PropertyFeedbackModal' is not exported from '@immoflow/ui' (imported as 'PropertyFeedbackModal').
web:dev: 
web:dev: Import trace for requested module:
web:dev: ./app/property/[id]/page.tsx
web:dev:  ⚠ ./app/components/PropertyPreview.tsx
web:dev: Attempted import error: 'AIInvestmentEvaluation' is not exported from '@immoflow/ui' (imported as 'AIInvestmentEvaluation').
web:dev: 
web:dev: Import trace for requested module:
web:dev: ./app/components/PropertyPreview.tsx
web:dev: ./app/property/[id]/page.tsx
web:dev: 
web:dev: ./app/property/[id]/page.tsx
web:dev: Attempted import error: 'PropertyFeedbackModal' is not exported from '@immoflow/ui' (imported as 'PropertyFeedbackModal').
web:dev: 
web:dev: Import trace for requested module:
web:dev: ./app/property/[id]/page.tsx
web:dev: 
web:dev: ./app/components/PropertyPreview.tsx
web:dev: Attempted import error: 'AIInvestmentEvaluation' is not exported from '@immoflow/ui' (imported as 'AIInvestmentEvaluation').
web:dev: 
web:dev: Import trace for requested module:
web:dev: ./app/components/PropertyPreview.tsx
web:dev: ./app/property/[id]/page.tsx
web:dev: 
web:dev: ./app/property/[id]/page.tsx
web:dev: Attempted import error: 'PropertyFeedbackModal' is not exported from '@immoflow/ui' (imported as 'PropertyFeedbackModal').
web:dev: 
web:dev: Import trace for requested module:
web:dev: ./app/property/[id]/page.tsx
web:dev:  ⚠ ./app/components/PropertyPreview.tsx
web:dev: Attempted import error: 'AIInvestmentEvaluation' is not exported from '@immoflow/ui' (imported as 'AIInvestmentEvaluation').
web:dev: 
web:dev: Import trace for requested module:
web:dev: ./app/components/PropertyPreview.tsx
web:dev: ./app/property/[id]/page.tsx
web:dev: 
web:dev: ./app/property/[id]/page.tsx
web:dev: Attempted import error: 'PropertyFeedbackModal' is not exported from '@immoflow/ui' (imported as 'PropertyFeedbackModal').
web:dev: 
web:dev: Import trace for requested module:
web:dev: ./app/property/[id]/page.tsx
web:dev: 
web:dev: ./app/components/PropertyPreview.tsx
web:dev: Attempted import error: 'AIInvestmentEvaluation' is not exported from '@immoflow/ui' (imported as 'AIInvestmentEvaluation').
web:dev: 
web:dev: Import trace for requested module:
web:dev: ./app/components/PropertyPreview.tsx
web:dev: ./app/property/[id]/page.tsx
web:dev: 
web:dev: ./app/property/[id]/page.tsx
web:dev: Attempted import error: 'PropertyFeedbackModal' is not exported from '@immoflow/ui' (imported as 'PropertyFeedbackModal').
web:dev: 
web:dev: Import trace for requested module:
web:dev: ./app/property/[id]/page.tsx
web:dev:  ⚠ ./app/components/PropertyPreview.tsx
web:dev: Attempted import error: 'AIInvestmentEvaluation' is not exported from '@immoflow/ui' (imported as 'AIInvestmentEvaluation').
web:dev: 
web:dev: Import trace for requested module:
web:dev: ./app/components/PropertyPreview.tsx
web:dev: ./app/property/[id]/page.tsx
web:dev: 
web:dev: ./app/messages/page.tsx
web:dev: Attempted import error: 'onTypingIndicator' is not exported from '@/lib/socket' (imported as 'onTypingIndicator').
web:dev: 
web:dev: Import trace for requested module:
web:dev: ./app/messages/page.tsx
web:dev: 
web:dev: ./app/messages/page.tsx
web:dev: Attempted import error: 'onTypingStop' is not exported from '@/lib/socket' (imported as 'onTypingStop').
web:dev: 
web:dev: Import trace for requested module:
web:dev: ./app/messages/page.tsx
web:dev: 
web:dev: ./app/messages/page.tsx
web:dev: Attempted import error: 'sendTypingIndicator' is not exported from '@/lib/socket' (imported as 'sendTypingIndicator').
web:dev: 
web:dev: Import trace for requested module:
web:dev: ./app/messages/page.tsx
web:dev: 
web:dev: ./app/messages/page.tsx
web:dev: Attempted import error: 'sendTypingIndicator' is not exported from '@/lib/socket' (imported as 'sendTypingIndicator').
web:dev: 
web:dev: Import trace for requested module:
web:dev: ./app/messages/page.tsx
web:dev: 
web:dev: ./app/messages/page.tsx
web:dev: Attempted import error: 'sendTypingIndicator' is not exported from '@/lib/socket' (imported as 'sendTypingIndicator').
web:dev: 
web:dev: Import trace for requested module:
web:dev: ./app/messages/page.tsx
web:dev: 
web:dev: ./app/property/[id]/page.tsx
web:dev: Attempted import error: 'PropertyFeedbackModal' is not exported from '@immoflow/ui' (imported as 'PropertyFeedbackModal').
web:dev: 
web:dev: Import trace for requested module:
web:dev: ./app/property/[id]/page.tsx
web:dev: 
web:dev: ./app/components/PropertyPreview.tsx
web:dev: Attempted import error: 'AIInvestmentEvaluation' is not exported from '@immoflow/ui' (imported as 'AIInvestmentEvaluation').
web:dev: 
web:dev: Import trace for requested module:
web:dev: ./app/components/PropertyPreview.tsx
web:dev: ./app/property/[id]/page.tsx
web:dev: 
web:dev: ./app/messages/page.tsx
web:dev: Attempted import error: 'onTypingIndicator' is not exported from '@/lib/socket' (imported as 'onTypingIndicator').
web:dev: 
web:dev: Import trace for requested module:
web:dev: ./app/messages/page.tsx
web:dev: 
web:dev: ./app/messages/page.tsx
web:dev: Attempted import error: 'onTypingStop' is not exported from '@/lib/socket' (imported as 'onTypingStop').
web:dev: 
web:dev: Import trace for requested module:
web:dev: ./app/messages/page.tsx
web:dev: 
web:dev: ./app/messages/page.tsx
web:dev: Attempted import error: 'sendTypingIndicator' is not exported from '@/lib/socket' (imported as 'sendTypingIndicator').
web:dev: 
web:dev: Import trace for requested module:
web:dev: ./app/messages/page.tsx
web:dev: 
web:dev: ./app/messages/page.tsx
web:dev: Attempted import error: 'sendTypingIndicator' is not exported from '@/lib/socket' (imported as 'sendTypingIndicator').
web:dev: 
web:dev: Import trace for requested module:
web:dev: ./app/messages/page.tsx
web:dev: 
web:dev: ./app/messages/page.tsx
web:dev: Attempted import error: 'sendTypingIndicator' is not exported from '@/lib/socket' (imported as 'sendTypingIndicator').
web:dev: 
web:dev: Import trace for requested module:
web:dev: ./app/messages/page.tsx
web:dev: 
web:dev: ./app/property/[id]/page.tsx
web:dev: Attempted import error: 'PropertyFeedbackModal' is not exported from '@immoflow/ui' (imported as 'PropertyFeedbackModal').
web:dev: 
web:dev: Import trace for requested module:
web:dev: ./app/property/[id]/page.tsx
web:dev:  ⚠ ./app/components/PropertyPreview.tsx
web:dev: Attempted import error: 'AIInvestmentEvaluation' is not exported from '@immoflow/ui' (imported as 'AIInvestmentEvaluation').
web:dev: 
web:dev: Import trace for requested module:
web:dev: ./app/components/PropertyPreview.tsx
web:dev: ./app/property/[id]/page.tsx
web:dev: 
web:dev: ./app/messages/page.tsx
web:dev: Attempted import error: 'onTypingIndicator' is not exported from '@/lib/socket' (imported as 'onTypingIndicator').
web:dev: 
web:dev: Import trace for requested module:
web:dev: ./app/messages/page.tsx
web:dev: 
web:dev: ./app/messages/page.tsx
web:dev: Attempted import error: 'onTypingStop' is not exported from '@/lib/socket' (imported as 'onTypingStop').
web:dev: 
web:dev: Import trace for requested module:
web:dev: ./app/messages/page.tsx
web:dev: 
web:dev: ./app/messages/page.tsx
web:dev: Attempted import error: 'sendTypingIndicator' is not exported from '@/lib/socket' (imported as 'sendTypingIndicator').
web:dev: 
web:dev: Import trace for requested module:
web:dev: ./app/messages/page.tsx
web:dev: 
web:dev: ./app/messages/page.tsx
web:dev: Attempted import error: 'sendTypingIndicator' is not exported from '@/lib/socket' (imported as 'sendTypingIndicator').
web:dev: 
web:dev: Import trace for requested module:
web:dev: ./app/messages/page.tsx
web:dev: 
web:dev: ./app/messages/page.tsx
web:dev: Attempted import error: 'sendTypingIndicator' is not exported from '@/lib/socket' (imported as 'sendTypingIndicator').
web:dev: 
web:dev: Import trace for requested module:
web:dev: ./app/messages/page.tsx
web:dev: 
web:dev: ./app/property/[id]/page.tsx
web:dev: Attempted import error: 'PropertyFeedbackModal' is not exported from '@immoflow/ui' (imported as 'PropertyFeedbackModal').
web:dev: 
web:dev: Import trace for requested module:
web:dev: ./app/property/[id]/page.tsx
web:dev: 
web:dev: ./app/components/PropertyPreview.tsx
web:dev: Attempted import error: 'AIInvestmentEvaluation' is not exported from '@immoflow/ui' (imported as 'AIInvestmentEvaluation').
web:dev: 
web:dev: Import trace for requested module:
web:dev: ./app/components/PropertyPreview.tsx
web:dev: ./app/property/[id]/page.tsx
web:dev: 
web:dev: ./app/messages/page.tsx
web:dev: Attempted import error: 'onTypingIndicator' is not exported from '@/lib/socket' (imported as 'onTypingIndicator').
web:dev: 
web:dev: Import trace for requested module:
web:dev: ./app/messages/page.tsx
web:dev: 
web:dev: ./app/messages/page.tsx
web:dev: Attempted import error: 'onTypingStop' is not exported from '@/lib/socket' (imported as 'onTypingStop').
web:dev: 
web:dev: Import trace for requested module:
web:dev: ./app/messages/page.tsx
web:dev: 
web:dev: ./app/messages/page.tsx
web:dev: Attempted import error: 'sendTypingIndicator' is not exported from '@/lib/socket' (imported as 'sendTypingIndicator').
web:dev: 
web:dev: Import trace for requested module:
web:dev: ./app/messages/page.tsx
web:dev: 
web:dev: ./app/messages/page.tsx
web:dev: Attempted import error: 'sendTypingIndicator' is not exported from '@/lib/socket' (imported as 'sendTypingIndicator').
web:dev: 
web:dev: Import trace for requested module:
web:dev: ./app/messages/page.tsx
web:dev: 
web:dev: ./app/messages/page.tsx
web:dev: Attempted import error: 'sendTypingIndicator' is not exported from '@/lib/socket' (imported as 'sendTypingIndicator').
web:dev: 
web:dev: Import trace for requested module:
web:dev: ./app/messages/page.tsx
web:dev: 
web:dev: ./app/property/[id]/page.tsx
web:dev: Attempted import error: 'PropertyFeedbackModal' is not exported from '@immoflow/ui' (imported as 'PropertyFeedbackModal').
web:dev: 
web:dev: Import trace for requested module:
web:dev: ./app/property/[id]/page.tsx
web:dev:  ⨯ ./app/my-properties/page.tsx:11:0
web:dev: Module not found: Can't resolve '../components/SellerAnalysis'
web:dev: [0m [90m  9 |[39m [36mimport[39m { [33mPropertyImageSlideshow[39m } [36mfrom[39m [32m'../components/PropertyImageSlideshow'[39m[33m;[39m[0m
web:dev: [0m [90m 10 |[39m [36mimport[39m { [33mPropertyPreview[39m[33m,[39m [33mPropertyPreviewData[39m } [36mfrom[39m [32m'../components/PropertyPreview'[39m[33m;[39m[0m
web:dev: [0m[31m[1m>[22m[39m[90m 11 |[39m [36mimport[39m { [33mSellerAnalysis[39m[33m,[39m [33mSellerAnalysisEmpty[39m[33m,[39m type [33mSellerAnalysisData[39m } [36mfrom[39m [32m'../components/SellerAnalysis'[39m[33m;[39m[0m
web:dev: [0m [90m 12 |[39m [36mimport[39m { [33mDeletePropertyModal[39m } [36mfrom[39m [32m'../components/DeletePropertyModal'[39m[33m;[39m[0m
web:dev: [0m [90m 13 |[39m [36mimport[39m { [33mPropertyStatistics[39m[33m,[39m type [33mPropertyStatisticsData[39m } [36mfrom[39m [32m'../components/PropertyStatistics'[39m[33m;[39m[0m
web:dev: [0m [90m 14 |[39m [36mimport[39m { [33mMapPin[39m[33m,[39m [33mHome[39m[33m,[39m [33mPlus[39m[33m,[39m [33mEye[39m[33m,[39m [33mPencil[39m[33m,[39m [33mPower[39m[33m,[39m [33mHeart[39m[33m,[39m [33mX[39m } [36mfrom[39m [32m'lucide-react'[39m[33m;[39m[0m
web:dev: 
web:dev: https://nextjs.org/docs/messages/module-not-found
web:dev:  ⨯ ./app/my-properties/page.tsx:12:0
web:dev: Module not found: Can't resolve '../components/DeletePropertyModal'
web:dev: [0m [90m 10 |[39m [36mimport[39m { [33mPropertyPreview[39m[33m,[39m [33mPropertyPreviewData[39m } [36mfrom[39m [32m'../components/PropertyPreview'[39m[33m;[39m[0m
web:dev: [0m [90m 11 |[39m [36mimport[39m { [33mSellerAnalysis[39m[33m,[39m [33mSellerAnalysisEmpty[39m[33m,[39m type [33mSellerAnalysisData[39m } [36mfrom[39m [32m'../components/SellerAnalysis'[39m[33m;[39m[0m
web:dev: [0m[31m[1m>[22m[39m[90m 12 |[39m [36mimport[39m { [33mDeletePropertyModal[39m } [36mfrom[39m [32m'../components/DeletePropertyModal'[39m[33m;[39m[0m
web:dev: [0m [90m 13 |[39m [36mimport[39m { [33mPropertyStatistics[39m[33m,[39m type [33mPropertyStatisticsData[39m } [36mfrom[39m [32m'../components/PropertyStatistics'[39m[33m;[39m[0m
web:dev: [0m [90m 14 |[39m [36mimport[39m { [33mMapPin[39m[33m,[39m [33mHome[39m[33m,[39m [33mPlus[39m[33m,[39m [33mEye[39m[33m,[39m [33mPencil[39m[33m,[39m [33mPower[39m[33m,[39m [33mHeart[39m[33m,[39m [33mX[39m } [36mfrom[39m [32m'lucide-react'[39m[33m;[39m[0m
web:dev: [0m [90m 15 |[39m [36mimport[39m { trpc } [36mfrom[39m [32m'@/lib/trpc'[39m[33m;[39m[0m
web:dev: 
web:dev: https://nextjs.org/docs/messages/module-not-found
web:dev:  ⚠ ./app/components/PropertyPreview.tsx
web:dev: Attempted import error: 'AIInvestmentEvaluation' is not exported from '@immoflow/ui' (imported as 'AIInvestmentEvaluation').
web:dev: 
web:dev: Import trace for requested module:
web:dev: ./app/components/PropertyPreview.tsx
web:dev: ./app/property/[id]/page.tsx
web:dev: 
web:dev: ./app/messages/page.tsx
web:dev: Attempted import error: 'onTypingIndicator' is not exported from '@/lib/socket' (imported as 'onTypingIndicator').
web:dev: 
web:dev: Import trace for requested module:
web:dev: ./app/messages/page.tsx
web:dev: 
web:dev: ./app/messages/page.tsx
web:dev: Attempted import error: 'onTypingStop' is not exported from '@/lib/socket' (imported as 'onTypingStop').
web:dev: 
web:dev: Import trace for requested module:
web:dev: ./app/messages/page.tsx
web:dev: 
web:dev: ./app/messages/page.tsx
web:dev: Attempted import error: 'sendTypingIndicator' is not exported from '@/lib/socket' (imported as 'sendTypingIndicator').
web:dev: 
web:dev: Import trace for requested module:
web:dev: ./app/messages/page.tsx
web:dev: 
web:dev: ./app/messages/page.tsx
web:dev: Attempted import error: 'sendTypingIndicator' is not exported from '@/lib/socket' (imported as 'sendTypingIndicator').
web:dev: 
web:dev: Import trace for requested module:
web:dev: ./app/messages/page.tsx
web:dev: 
web:dev: ./app/messages/page.tsx
web:dev: Attempted import error: 'sendTypingIndicator' is not exported from '@/lib/socket' (imported as 'sendTypingIndicator').
web:dev: 
web:dev: Import trace for requested module:
web:dev: ./app/messages/page.tsx
web:dev: 
web:dev: ./app/property/[id]/page.tsx
web:dev: Attempted import error: 'PropertyFeedbackModal' is not exported from '@immoflow/ui' (imported as 'PropertyFeedbackModal').
web:dev: 
web:dev: Import trace for requested module:
web:dev: ./app/property/[id]/page.tsx
web:dev: 
web:dev: ./app/components/PropertyPreview.tsx
web:dev: Attempted import error: 'AIInvestmentEvaluation' is not exported from '@immoflow/ui' (imported as 'AIInvestmentEvaluation').
web:dev: 
web:dev: Import trace for requested module:
web:dev: ./app/components/PropertyPreview.tsx
web:dev: ./app/property/[id]/page.tsx
web:dev: 
web:dev: ./app/messages/page.tsx
web:dev: Attempted import error: 'onTypingIndicator' is not exported from '@/lib/socket' (imported as 'onTypingIndicator').
web:dev: 
web:dev: Import trace for requested module:
web:dev: ./app/messages/page.tsx
web:dev: 
web:dev: ./app/messages/page.tsx
web:dev: Attempted import error: 'onTypingStop' is not exported from '@/lib/socket' (imported as 'onTypingStop').
web:dev: 
web:dev: Import trace for requested module:
web:dev: ./app/messages/page.tsx
web:dev: 
web:dev: ./app/messages/page.tsx
web:dev: Attempted import error: 'sendTypingIndicator' is not exported from '@/lib/socket' (imported as 'sendTypingIndicator').
web:dev: 
web:dev: Import trace for requested module:
web:dev: ./app/messages/page.tsx
web:dev: 
web:dev: ./app/messages/page.tsx
web:dev: Attempted import error: 'sendTypingIndicator' is not exported from '@/lib/socket' (imported as 'sendTypingIndicator').
web:dev: 
web:dev: Import trace for requested module:
web:dev: ./app/messages/page.tsx
web:dev: 
web:dev: ./app/messages/page.tsx
web:dev: Attempted import error: 'sendTypingIndicator' is not exported from '@/lib/socket' (imported as 'sendTypingIndicator').
web:dev: 
web:dev: Import trace for requested module:
web:dev: ./app/messages/page.tsx
web:dev: 
web:dev: ./app/property/[id]/page.tsx
web:dev: Attempted import error: 'PropertyFeedbackModal' is not exported from '@immoflow/ui' (imported as 'PropertyFeedbackModal').
web:dev: 
web:dev: Import trace for requested module:
web:dev: ./app/property/[id]/page.tsx
web:dev:  ⚠ ./app/components/PropertyPreview.tsx
web:dev: Attempted import error: 'AIInvestmentEvaluation' is not exported from '@immoflow/ui' (imported as 'AIInvestmentEvaluation').
web:dev: 
web:dev: Import trace for requested module:
web:dev: ./app/components/PropertyPreview.tsx
web:dev: ./app/property/[id]/page.tsx
web:dev: 
web:dev: ./app/messages/page.tsx
web:dev: Attempted import error: 'onTypingIndicator' is not exported from '@/lib/socket' (imported as 'onTypingIndicator').
web:dev: 
web:dev: Import trace for requested module:
web:dev: ./app/messages/page.tsx
web:dev: 
web:dev: ./app/messages/page.tsx
web:dev: Attempted import error: 'onTypingStop' is not exported from '@/lib/socket' (imported as 'onTypingStop').
web:dev: 
web:dev: Import trace for requested module:
web:dev: ./app/messages/page.tsx
web:dev: 
web:dev: ./app/messages/page.tsx
web:dev: Attempted import error: 'sendTypingIndicator' is not exported from '@/lib/socket' (imported as 'sendTypingIndicator').
web:dev: 
web:dev: Import trace for requested module:
web:dev: ./app/messages/page.tsx
web:dev: 
web:dev: ./app/messages/page.tsx
web:dev: Attempted import error: 'sendTypingIndicator' is not exported from '@/lib/socket' (imported as 'sendTypingIndicator').
web:dev: 
web:dev: Import trace for requested module:
web:dev: ./app/messages/page.tsx
web:dev: 
web:dev: ./app/messages/page.tsx
web:dev: Attempted import error: 'sendTypingIndicator' is not exported from '@/lib/socket' (imported as 'sendTypingIndicator').
web:dev: 
web:dev: Import trace for requested module:
web:dev: ./app/messages/page.tsx
web:dev: 
web:dev: ./app/property/[id]/page.tsx
web:dev: Attempted import error: 'PropertyFeedbackModal' is not exported from '@immoflow/ui' (imported as 'PropertyFeedbackModal').
web:dev: 
web:dev: Import trace for requested module:
web:dev: ./app/property/[id]/page.tsx
web:dev: 
web:dev: ./app/components/PropertyPreview.tsx
web:dev: Attempted import error: 'AIInvestmentEvaluation' is not exported from '@immoflow/ui' (imported as 'AIInvestmentEvaluation').
web:dev: 
web:dev: Import trace for requested module:
web:dev: ./app/components/PropertyPreview.tsx
web:dev: ./app/property/[id]/page.tsx
web:dev: 
web:dev: ./app/messages/page.tsx
web:dev: Attempted import error: 'onTypingIndicator' is not exported from '@/lib/socket' (imported as 'onTypingIndicator').
web:dev: 
web:dev: Import trace for requested module:
web:dev: ./app/messages/page.tsx
web:dev: 
web:dev: ./app/messages/page.tsx
web:dev: Attempted import error: 'onTypingStop' is not exported from '@/lib/socket' (imported as 'onTypingStop').
web:dev: 
web:dev: Import trace for requested module:
web:dev: ./app/messages/page.tsx
web:dev: 
web:dev: ./app/messages/page.tsx
web:dev: Attempted import error: 'sendTypingIndicator' is not exported from '@/lib/socket' (imported as 'sendTypingIndicator').
web:dev: 
web:dev: Import trace for requested module:
web:dev: ./app/messages/page.tsx
web:dev: 
web:dev: ./app/messages/page.tsx
web:dev: Attempted import error: 'sendTypingIndicator' is not exported from '@/lib/socket' (imported as 'sendTypingIndicator').
web:dev: 
web:dev: Import trace for requested module:
web:dev: ./app/messages/page.tsx
web:dev: 
web:dev: ./app/messages/page.tsx
web:dev: Attempted import error: 'sendTypingIndicator' is not exported from '@/lib/socket' (imported as 'sendTypingIndicator').
web:dev: 
web:dev: Import trace for requested module:
web:dev: ./app/messages/page.tsx
web:dev: 
web:dev: ./app/property/[id]/page.tsx
web:dev: Attempted import error: 'PropertyFeedbackModal' is not exported from '@immoflow/ui' (imported as 'PropertyFeedbackModal').
web:dev: 
web:dev: Import trace for requested module:
web:dev: ./app/property/[id]/page.tsx
web:dev: "shadow*" style props are deprecated. Use "boxShadow".
web:dev: "textShadow*" style props are deprecated. Use "textShadow".
web:dev:  ⚠ Fast Refresh had to perform a full reload due to a runtime error.
web:dev:  ⚠ ./app/components/PropertyPreview.tsx
web:dev: Attempted import error: 'AIInvestmentEvaluation' is not exported from '@immoflow/ui' (imported as 'AIInvestmentEvaluation').
web:dev: 
web:dev: Import trace for requested module:
web:dev: ./app/components/PropertyPreview.tsx
web:dev: ./app/property/[id]/page.tsx
web:dev: 
web:dev: ./app/messages/page.tsx
web:dev: Attempted import error: 'onTypingIndicator' is not exported from '@/lib/socket' (imported as 'onTypingIndicator').
web:dev: 
web:dev: Import trace for requested module:
web:dev: ./app/messages/page.tsx
web:dev: 
web:dev: ./app/messages/page.tsx
web:dev: Attempted import error: 'onTypingStop' is not exported from '@/lib/socket' (imported as 'onTypingStop').
web:dev: 
web:dev: Import trace for requested module:
web:dev: ./app/messages/page.tsx
web:dev: 
web:dev: ./app/messages/page.tsx
web:dev: Attempted import error: 'sendTypingIndicator' is not exported from '@/lib/socket' (imported as 'sendTypingIndicator').
web:dev: 
web:dev: Import trace for requested module:
web:dev: ./app/messages/page.tsx
web:dev: 
web:dev: ./app/messages/page.tsx
web:dev: Attempted import error: 'sendTypingIndicator' is not exported from '@/lib/socket' (imported as 'sendTypingIndicator').
web:dev: 
web:dev: Import trace for requested module:
web:dev: ./app/messages/page.tsx
web:dev: 
web:dev: ./app/messages/page.tsx
web:dev: Attempted import error: 'sendTypingIndicator' is not exported from '@/lib/socket' (imported as 'sendTypingIndicator').
web:dev: 
web:dev: Import trace for requested module:
web:dev: ./app/messages/page.tsx
web:dev: 
web:dev: ./app/property/[id]/page.tsx
web:dev: Attempted import error: 'PropertyFeedbackModal' is not exported from '@immoflow/ui' (imported as 'PropertyFeedbackModal').
web:dev: 
web:dev: Import trace for requested module:
web:dev: ./app/property/[id]/page.tsx
web:dev: 
web:dev: ./app/components/PropertyPreview.tsx
web:dev: Attempted import error: 'AIInvestmentEvaluation' is not exported from '@immoflow/ui' (imported as 'AIInvestmentEvaluation').
web:dev: 
web:dev: Import trace for requested module:
web:dev: ./app/components/PropertyPreview.tsx
web:dev: ./app/property/[id]/page.tsx
web:dev: 
web:dev: ./app/messages/page.tsx
web:dev: Attempted import error: 'onTypingIndicator' is not exported from '@/lib/socket' (imported as 'onTypingIndicator').
web:dev: 
web:dev: Import trace for requested module:
web:dev: ./app/messages/page.tsx
web:dev: 
web:dev: ./app/messages/page.tsx
web:dev: Attempted import error: 'onTypingStop' is not exported from '@/lib/socket' (imported as 'onTypingStop').
web:dev: 
web:dev: Import trace for requested module:
web:dev: ./app/messages/page.tsx
web:dev: 
web:dev: ./app/messages/page.tsx
web:dev: Attempted import error: 'sendTypingIndicator' is not exported from '@/lib/socket' (imported as 'sendTypingIndicator').
web:dev: 
web:dev: Import trace for requested module:
web:dev: ./app/messages/page.tsx
web:dev: 
web:dev: ./app/messages/page.tsx
web:dev: Attempted import error: 'sendTypingIndicator' is not exported from '@/lib/socket' (imported as 'sendTypingIndicator').
web:dev: 
web:dev: Import trace for requested module:
web:dev: ./app/messages/page.tsx
web:dev: 
web:dev: ./app/messages/page.tsx
web:dev: Attempted import error: 'sendTypingIndicator' is not exported from '@/lib/socket' (imported as 'sendTypingIndicator').
web:dev: 
web:dev: Import trace for requested module:
web:dev: ./app/messages/page.tsx
web:dev: 
web:dev: ./app/property/[id]/page.tsx
web:dev: Attempted import error: 'PropertyFeedbackModal' is not exported from '@immoflow/ui' (imported as 'PropertyFeedbackModal').
web:dev: 
web:dev: Import trace for requested module:
web:dev: ./app/property/[id]/page.tsx
web:dev: "shadow*" style props are deprecated. Use "boxShadow".
web:dev: "textShadow*" style props are deprecated. Use "textShadow".
web:dev:  ⚠ ./app/components/PropertyPreview.tsx
web:dev: Attempted import error: 'AIInvestmentEvaluation' is not exported from '@immoflow/ui' (imported as 'AIInvestmentEvaluation').
web:dev: 
web:dev: Import trace for requested module:
web:dev: ./app/components/PropertyPreview.tsx
web:dev: ./app/property/[id]/page.tsx
web:dev: 
web:dev: ./app/messages/page.tsx
web:dev: Attempted import error: 'onTypingIndicator' is not exported from '@/lib/socket' (imported as 'onTypingIndicator').
web:dev: 
web:dev: Import trace for requested module:
web:dev: ./app/messages/page.tsx
web:dev: 
web:dev: ./app/messages/page.tsx
web:dev: Attempted import error: 'onTypingStop' is not exported from '@/lib/socket' (imported as 'onTypingStop').
web:dev: 
web:dev: Import trace for requested module:
web:dev: ./app/messages/page.tsx
web:dev: 
web:dev: ./app/messages/page.tsx
web:dev: Attempted import error: 'sendTypingIndicator' is not exported from '@/lib/socket' (imported as 'sendTypingIndicator').
web:dev: 
web:dev: Import trace for requested module:
web:dev: ./app/messages/page.tsx
web:dev: 
web:dev: ./app/messages/page.tsx
web:dev: Attempted import error: 'sendTypingIndicator' is not exported from '@/lib/socket' (imported as 'sendTypingIndicator').
web:dev: 
web:dev: Import trace for requested module:
web:dev: ./app/messages/page.tsx
web:dev: 
web:dev: ./app/messages/page.tsx
web:dev: Attempted import error: 'sendTypingIndicator' is not exported from '@/lib/socket' (imported as 'sendTypingIndicator').
web:dev: 
web:dev: Import trace for requested module:
web:dev: ./app/messages/page.tsx
web:dev: 
web:dev: ./app/property/[id]/page.tsx
web:dev: Attempted import error: 'PropertyFeedbackModal' is not exported from '@immoflow/ui' (imported as 'PropertyFeedbackModal').
web:dev: 
web:dev: Import trace for requested module:
web:dev: ./app/property/[id]/page.tsx
web:dev: 
web:dev: ./app/components/PropertyPreview.tsx
web:dev: Attempted import error: 'AIInvestmentEvaluation' is not exported from '@immoflow/ui' (imported as 'AIInvestmentEvaluation').
web:dev: 
web:dev: Import trace for requested module:
web:dev: ./app/components/PropertyPreview.tsx
web:dev: ./app/property/[id]/page.tsx
web:dev: 
web:dev: ./app/messages/page.tsx
web:dev: Attempted import error: 'onTypingIndicator' is not exported from '@/lib/socket' (imported as 'onTypingIndicator').
web:dev: 
web:dev: Import trace for requested module:
web:dev: ./app/messages/page.tsx
web:dev: 
web:dev: ./app/messages/page.tsx
web:dev: Attempted import error: 'onTypingStop' is not exported from '@/lib/socket' (imported as 'onTypingStop').
web:dev: 
web:dev: Import trace for requested module:
web:dev: ./app/messages/page.tsx
web:dev: 
web:dev: ./app/messages/page.tsx
web:dev: Attempted import error: 'sendTypingIndicator' is not exported from '@/lib/socket' (imported as 'sendTypingIndicator').
web:dev: 
web:dev: Import trace for requested module:
web:dev: ./app/messages/page.tsx
web:dev: 
web:dev: ./app/messages/page.tsx
web:dev: Attempted import error: 'sendTypingIndicator' is not exported from '@/lib/socket' (imported as 'sendTypingIndicator').
web:dev: 
web:dev: Import trace for requested module:
web:dev: ./app/messages/page.tsx
web:dev: 
web:dev: ./app/messages/page.tsx
web:dev: Attempted import error: 'sendTypingIndicator' is not exported from '@/lib/socket' (imported as 'sendTypingIndicator').
web:dev: 
web:dev: Import trace for requested module:
web:dev: ./app/messages/page.tsx
web:dev: 
web:dev: ./app/property/[id]/page.tsx
web:dev: Attempted import error: 'PropertyFeedbackModal' is not exported from '@immoflow/ui' (imported as 'PropertyFeedbackModal').
web:dev: 
web:dev: Import trace for requested module:
web:dev: ./app/property/[id]/page.tsx
web:dev:  ⚠ ./app/components/PropertyPreview.tsx
web:dev: Attempted import error: 'AIInvestmentEvaluation' is not exported from '@immoflow/ui' (imported as 'AIInvestmentEvaluation').
web:dev: 
web:dev: Import trace for requested module:
web:dev: ./app/components/PropertyPreview.tsx
web:dev: ./app/property/[id]/page.tsx
web:dev: 
web:dev: ./app/messages/page.tsx
web:dev: Attempted import error: 'onTypingIndicator' is not exported from '@/lib/socket' (imported as 'onTypingIndicator').
web:dev: 
web:dev: Import trace for requested module:
web:dev: ./app/messages/page.tsx
web:dev: 
web:dev: ./app/messages/page.tsx
web:dev: Attempted import error: 'onTypingStop' is not exported from '@/lib/socket' (imported as 'onTypingStop').
web:dev: 
web:dev: Import trace for requested module:
web:dev: ./app/messages/page.tsx
web:dev: 
web:dev: ./app/messages/page.tsx
web:dev: Attempted import error: 'sendTypingIndicator' is not exported from '@/lib/socket' (imported as 'sendTypingIndicator').
web:dev: 
web:dev: Import trace for requested module:
web:dev: ./app/messages/page.tsx
web:dev: 
web:dev: ./app/messages/page.tsx
web:dev: Attempted import error: 'sendTypingIndicator' is not exported from '@/lib/socket' (imported as 'sendTypingIndicator').
web:dev: 
web:dev: Import trace for requested module:
web:dev: ./app/messages/page.tsx
web:dev: 
web:dev: ./app/messages/page.tsx
web:dev: Attempted import error: 'sendTypingIndicator' is not exported from '@/lib/socket' (imported as 'sendTypingIndicator').
web:dev: 
web:dev: Import trace for requested module:
web:dev: ./app/messages/page.tsx
web:dev: 
web:dev: ./app/property/[id]/page.tsx
web:dev: Attempted import error: 'PropertyFeedbackModal' is not exported from '@immoflow/ui' (imported as 'PropertyFeedbackModal').
web:dev: 
web:dev: Import trace for requested module:
web:dev: ./app/property/[id]/page.tsx
web:dev: 
web:dev: ./app/components/PropertyPreview.tsx
web:dev: Attempted import error: 'AIInvestmentEvaluation' is not exported from '@immoflow/ui' (imported as 'AIInvestmentEvaluation').
web:dev: 
web:dev: Import trace for requested module:
web:dev: ./app/components/PropertyPreview.tsx
web:dev: ./app/property/[id]/page.tsx
web:dev: 
web:dev: ./app/messages/page.tsx
web:dev: Attempted import error: 'onTypingIndicator' is not exported from '@/lib/socket' (imported as 'onTypingIndicator').
web:dev: 
web:dev: Import trace for requested module:
web:dev: ./app/messages/page.tsx
web:dev: 
web:dev: ./app/messages/page.tsx
web:dev: Attempted import error: 'onTypingStop' is not exported from '@/lib/socket' (imported as 'onTypingStop').
web:dev: 
web:dev: Import trace for requested module:
web:dev: ./app/messages/page.tsx
web:dev: 
web:dev: ./app/messages/page.tsx
web:dev: Attempted import error: 'sendTypingIndicator' is not exported from '@/lib/socket' (imported as 'sendTypingIndicator').
web:dev: 
web:dev: Import trace for requested module:
web:dev: ./app/messages/page.tsx
web:dev: 
web:dev: ./app/messages/page.tsx
web:dev: Attempted import error: 'sendTypingIndicator' is not exported from '@/lib/socket' (imported as 'sendTypingIndicator').
web:dev: 
web:dev: Import trace for requested module:
web:dev: ./app/messages/page.tsx
web:dev: 
web:dev: ./app/messages/page.tsx
web:dev: Attempted import error: 'sendTypingIndicator' is not exported from '@/lib/socket' (imported as 'sendTypingIndicator').
web:dev: 
web:dev: Import trace for requested module:
web:dev: ./app/messages/page.tsx
web:dev: 
web:dev: ./app/property/[id]/page.tsx
web:dev: Attempted import error: 'PropertyFeedbackModal' is not exported from '@immoflow/ui' (imported as 'PropertyFeedbackModal').
web:dev: 
web:dev: Import trace for requested module:
web:dev: ./app/property/[id]/page.tsx
web:dev:  ⨯ ./app/components/PropertyPreview.tsx:6:0
web:dev: Module not found: Can't resolve './InvestmentScoreBadge'
web:dev: [0m [90m 4 |[39m [36mimport[39m { [33mMapPin[39m[33m,[39m [33mChartNoAxesCombined[39m[33m,[39m [33mBath[39m[33m,[39m [33mSparkles[39m[33m,[39m [33mDoorClosed[39m[33m,[39m [33mSquare[39m[33m,[39m [33mLayers[39m[33m,[39m [33mEuro[39m[33m,[39m [33mCalendar[39m[33m,[39m [33mBuilding2[39m[33m,[39m [33mClock[39m[33m,[39m [33mFlame[39m[33m,[39m [33mZap[39m[33m,[39m [33mChevronDown[39m[33m,[39m [33mMessageCircle[39m } [36mfrom[39m [32m'lucide-react'[39m[33m;[39m[0m
web:dev: [0m [90m 5 |[39m [36mimport[39m { [33mAIInvestmentEvaluation[39m } [36mfrom[39m [32m'@immoflow/ui'[39m[33m;[39m[0m
web:dev: [0m[31m[1m>[22m[39m[90m 6 |[39m [36mimport[39m { [33mInvestmentScoreBadge[39m } [36mfrom[39m [32m'./InvestmentScoreBadge'[39m[33m;[39m[0m
web:dev: [0m [90m 7 |[39m[0m
web:dev: [0m [90m 8 |[39m [36mexport[39m [36minterface[39m [33mPropertyPreviewData[39m {[0m
web:dev: [0m [90m 9 |[39m   images[33m:[39m string[][33m;[39m[0m
web:dev: 
web:dev: https://nextjs.org/docs/messages/module-not-found
web:dev: 
web:dev: Import trace for requested module:
web:dev: ./app/property/[id]/page.tsx
web:dev:  ⨯ ./app/components/DeletePropertyModal.tsx
web:dev: Error: Failed to read source code from /Users/my_macbook/Documents/workspace/immo-flow/apps/web/app/components/DeletePropertyModal.tsx
web:dev: 
web:dev: Caused by:
web:dev:     No such file or directory (os error 2)
web:dev: 
web:dev: Import trace for requested module:
web:dev: ./app/components/DeletePropertyModal.tsx
web:dev: ./app/my-properties/page.tsx
web:dev:  ⚠ Found a change in next.config.js. Restarting the server to apply the changes...
web:dev:    ▲ Next.js 14.0.4
web:dev:    - Local:        http://localhost:3000
web:dev:    - Environments: .env.local
web:dev: 
web:dev:  ✓ Ready in 3.2s

 Tasks:    1 successful, 1 total
Cached:    0 cached, 1 total
  Time:    31m1.35s 

